<html>
<body>
<pre>
<h1>µVision Build Log</h1>
<h2>Tool Versions:</h2>
IDE-Version: ¦ÌVision V5.38.0.0
Copyright (C) 2022 ARM Ltd and ARM Germany GmbH. All rights reserved.
License Information: 1 123, 123, LIC=7YKYW-QB9C5-KUE4L-0WSIE-XARNF-MJDIK
 
Tool Versions:
Toolchain:       MDK-ARM Professional  Version: 5.38.0.0
Toolchain Path:  C:\Keil_v5\ARM\ARMCLANG\Bin
C Compiler:      ArmClang.exe V6.19
Assembler:       Armasm.exe V6.19
Linker/Locator:  ArmLink.exe V6.19
Library Manager: ArmAr.exe V6.19
Hex Converter:   FromElf.exe V6.19
CPU DLL:         SARMCM3.DLL V5.38.0.0
Dialog DLL:      DCM.DLL V1.17.5.0
Target DLL:      CMSIS_AGDI.dll V1.33.15.0
Dialog DLL:      TCM.DLL V1.56.4.0
 
<h2>Project:</h2>
C:\Users\zjjhg\Desktop\lvgl_freeRTOS\project\Project.uvprojx
Project File Date:  10/11/2023

<h2>Output:</h2>
*** Using Compiler 'V6.19', folder: 'C:\Keil_v5\ARM\ARMCLANG\Bin'
Build target 'Project'
compiling at32f435_437_crm.c...
compiling bsp_spi_lcd.c...
compiling at32f435_437_dma.c...
compiling lv_tick_custom.c...
compiling at32f435_437_crc.c...
compiling at32f435_437_clock.c...
compiling at32f435_437_int.c...
compiling at32f435_437_dac.c...
compiling at32f435_437_board.c...
compiling at32f435_437_acc.c...
compiling at32f435_437_debug.c...
compiling at32f435_437_adc.c...
compiling main.c...
compiling at32f435_437_can.c...
compiling at32f435_437_edma.c...
compiling at32f435_437_dvp.c...
compiling at32f435_437_emac.c...
compiling at32f435_437_exint.c...
compiling at32f435_437_ertc.c...
compiling at32f435_437_gpio.c...
compiling at32f435_437_i2c.c...
compiling at32f435_437_misc.c...
compiling at32f435_437_flash.c...
compiling at32f435_437_pwc.c...
compiling at32f435_437_scfg.c...
compiling at32f435_437_qspi.c...
compiling at32f435_437_sdio.c...
compiling at32f435_437_spi.c...
compiling at32f435_437_usart.c...
compiling at32f435_437_tmr.c...
compiling at32f435_437_usb.c...
compiling at32f435_437_wwdt.c...
compiling at32f435_437_wdt.c...
compiling at32f435_437_xmc.c...
compiling system_at32f435_437.c...
compiling img_benchmark_cogwheel_alpha16.c...
compiling img_benchmark_cogwheel_argb.c...
compiling img_benchmark_cogwheel_chroma_keyed.c...
compiling img_benchmark_cogwheel_indexed16.c...
compiling img_benchmark_cogwheel_rgb.c...
compiling lv_font_bechmark_montserrat_16_compr_az.c.c...
compiling lv_font_bechmark_montserrat_12_compr_az.c.c...
compiling img_benchmark_cogwheel_rgb565a8.c...
compiling lv_font_bechmark_montserrat_28_compr_az.c.c...
compiling lv_disp.c...
compiling lv_event.c...
compiling lv_demo_benchmark.c...
compiling lv_group.c...
compiling lv_indev.c...
compiling lv_obj_class.c...
compiling lv_indev_scroll.c...
compiling lv_obj.c...
compiling lv_obj_draw.c...
compiling lv_obj_pos.c...
compiling lv_obj_scroll.c...
compiling lv_obj_style_gen.c...
compiling lv_obj_style.c...
compiling lv_obj_tree.c...
compiling lv_theme.c...
compiling lv_draw.c...
compiling lv_draw_arc.c...
compiling lv_refr.c...
compiling lv_draw_img.c...
compiling lv_draw_label.c...
compiling lv_draw_layer.c...
compiling lv_draw_line.c...
compiling lv_draw_rect.c...
compiling lv_draw_transform.c...
compiling lv_draw_triangle.c...
compiling lv_draw_mask.c...
compiling lv_img_buf.c...
compiling lv_img_cache.c...
compiling lv_draw_sw.c...
compiling lv_img_decoder.c...
compiling lv_draw_sw_arc.c...
compiling lv_draw_sw_dither.c...
compiling lv_draw_sw_blend.c...
compiling lv_draw_sw_gradient.c...
compiling lv_draw_sw_img.c...
compiling lv_draw_sw_layer.c...
compiling lv_draw_sw_letter.c...
compiling lv_draw_sw_polygon.c...
compiling lv_draw_sw_line.c...
compiling lv_draw_sw_transform.c...
compiling lv_draw_sw_rect.c...
compiling lv_extra.c...
compiling lv_flex.c...
compiling lv_theme_basic.c...
compiling lv_grid.c...
compiling lv_theme_mono.c...
compiling lv_animimg.c...
compiling lv_theme_default.c...
compiling lv_calendar.c...
compiling lv_calendar_header_arrow.c...
compiling lv_calendar_header_dropdown.c...
compiling lv_keyboard.c...
compiling lv_imgbtn.c...
compiling lv_colorwheel.c...
compiling lv_list.c...
compiling lv_led.c...
compiling lv_chart.c...
compiling lv_menu.c...
compiling lv_msgbox.c...
compiling lv_meter.c...
compiling lv_spinbox.c...
compiling lv_spinner.c...
compiling lv_tabview.c...
compiling lv_font.c...
compiling lv_font_dejavu_16_persian_hebrew.c...
compiling lv_win.c...
compiling lv_span.c...
compiling lv_tileview.c...
compiling lv_font_fmt_txt.c...
compiling lv_font_montserrat_12_subpx.c...
compiling lv_font_loader.c...
compiling lv_font_montserrat_12.c...
compiling lv_font_montserrat_18.c...
compiling lv_font_montserrat_10.c...
compiling lv_font_montserrat_14.c...
compiling lv_font_montserrat_16.c...
compiling lv_font_montserrat_24.c...
compiling lv_font_montserrat_28.c...
compiling lv_font_montserrat_22.c...
compiling lv_font_montserrat_26.c...
compiling lv_font_montserrat_20.c...
compiling lv_font_montserrat_28_compressed.c...
compiling lv_font_montserrat_30.c...
compiling lv_font_montserrat_32.c...
compiling lv_font_montserrat_34.c...
compiling lv_font_montserrat_40.c...
compiling lv_font_montserrat_36.c...
compiling lv_font_montserrat_42.c...
compiling lv_font_montserrat_46.c...
compiling lv_font_montserrat_38.c...
compiling lv_font_montserrat_44.c...
compiling lv_font_montserrat_48.c...
compiling lv_font_montserrat_8.c...
compiling lv_font_simsun_16_cjk.c...
compiling lv_font_unscii_16.c...
compiling lv_font_unscii_8.c...
compiling lv_hal_indev.c...
compiling lv_hal_disp.c...
compiling lv_hal_tick.c...
compiling lv_anim.c...
compiling lv_anim_timeline.c...
compiling lv_area.c...
compiling lv_async.c...
compiling lv_bidi.c...
compiling lv_color.c...
compiling lv_fs.c...
compiling lv_gc.c...
compiling lv_ll.c...
compiling lv_log.c...
compiling lv_lru.c...
compiling lv_math.c...
compiling lv_mem.c...
compiling lv_printf.c...
compiling lv_templ.c...
compiling lv_txt_ap.c...
compiling lv_timer.c...
compiling lv_style_gen.c...
compiling lv_style.c...
compiling lv_txt.c...
compiling lv_utils.c...
compiling lv_tlsf.c...
compiling lv_arc.c...
compiling lv_btn.c...
compiling lv_bar.c...
compiling lv_img.c...
compiling lv_checkbox.c...
compiling lv_canvas.c...
compiling lv_label.c...
compiling lv_btnmatrix.c...
compiling lv_dropdown.c...
compiling lv_line.c...
compiling lv_cmsis_pack.c...
compiling lv_objx_templ.c...
compiling lv_port_fs_template.c...
compiling lv_slider.c...
compiling lv_switch.c...
compiling lv_roller.c...
compiling lv_port_indev_template.c...
compiling lv_port_disp_template.c...
compiling lv_table.c...
compiling croutine.c...
compiling lv_textarea.c...
compiling freertos_evr.c...
compiling event_groups.c...
compiling list.c...
compiling heap_4.c...
compiling port.c...
compiling timers.c...
compiling stream_buffer.c...
compiling queue.c...
compiling tasks.c...
linking...
Program Size: Code=190116 RO-data=104864 RW-data=2084 ZI-data=121156  
FromELF: creating hex file...
".\objects\AT32_Demo.axf" - 0 Error(s), 0 Warning(s).

<h2>Software Packages used:</h2>

Package Vendor: ARM
                http://www.keil.com/pack/ARM.CMSIS.5.9.0.pack
                ARM.CMSIS.5.9.0
                CMSIS (Common Microcontroller Software Interface Standard)
   * Component: CORE Version: 5.6.0

Package Vendor: ARM
                https://www.keil.com/pack/ARM.CMSIS-FreeRTOS.10.5.1.pack
                ARM.CMSIS-FreeRTOS.10.5.1
                Bundle of FreeRTOS for Cortex-M and Cortex-A
   * Component: Config Variant: FreeRTOS Version: 10.5.1
   * Component: Core Variant: Cortex-M Version: 10.5.1
   * Component: Coroutines Version: 10.5.1
   * Component: Event Groups Version: 10.5.1
   * Component: Heap Variant: Heap_4 Version: 10.5.1
   * Component: Message Buffer Version: 10.5.1
   * Component: Stream Buffer Version: 10.5.1
   * Component: Timers Version: 10.5.1

Package Vendor: ArteryTek
                
                ArteryTek.AT32F435_437_DFP.2.1.4
                ArteryTek AT32F4 Series Device Support,Drivers
   * Component: Startup Version: 2.0.0
   * Component: at32f435_437_conf Version: 2.0.0
   * Component: acc Version: 2.0.0
   * Component: adc Version: 2.0.0
   * Component: can Version: 2.0.0
   * Component: crc Version: 2.0.0
   * Component: crm Version: 2.0.0
   * Component: dac Version: 2.0.0
   * Component: debug Version: 2.0.0
   * Component: dma Version: 2.0.0
   * Component: dvp Version: 2.0.0
   * Component: edma Version: 2.0.0
   * Component: emac Version: 2.0.0
   * Component: ertc Version: 2.0.0
   * Component: exint Version: 2.0.0
   * Component: flash Version: 2.0.0
   * Component: gpio Version: 2.0.0
   * Component: i2c Version: 2.0.0
   * Component: misc Version: 2.0.0
   * Component: pwc Version: 2.0.0
   * Component: qspi Version: 2.0.0
   * Component: scfg Version: 2.0.0
   * Component: sdio Version: 2.0.0
   * Component: spi Version: 2.0.0
   * Component: tmr Version: 2.0.0
   * Component: usart Version: 2.0.0
   * Component: usb Version: 2.0.0
   * Component: wdt Version: 2.0.0
   * Component: wwdt Version: 2.0.0
   * Component: xmc Version: 2.0.0

Package Vendor: LVGL
                https://raw.githubusercontent.com/lvgl/lvgl/master/env_support/cmsis-pack/LVGL.lvgl.8.3.6.pack
                LVGL.lvgl.8.3.6
                LVGL (Light and Versatile Graphics Library) is a free and open-source graphics library providing everything you need to create an embedded GUI with easy-to-use graphical elements, beautiful visual effects and a low memory footprint.
   * Component: Benchmark Version: 8.3.6
   * Component: Essential Version: 8.3.6
   * Component: Extra Themes Version: 8.3.6
   * Component: Porting Version: 8.3.6

<h2>Collection of Component include folders:</h2>
  ./RTE/Device/-AT32F435RGT7
  ./RTE/LVGL
  ./RTE/RTOS
  ./RTE/_Project
  C:/Users/zjjhg/AppData/Local/Arm/Packs/ARM/CMSIS-FreeRTOS/10.5.1/CMSIS/RTOS2/FreeRTOS/Include
  C:/Users/zjjhg/AppData/Local/Arm/Packs/ARM/CMSIS-FreeRTOS/10.5.1/Source/include
  C:/Users/zjjhg/AppData/Local/Arm/Packs/ARM/CMSIS-FreeRTOS/10.5.1/Source/portable/GCC/ARM_CM4F
  C:/Users/zjjhg/AppData/Local/Arm/Packs/ARM/CMSIS/5.9.0/CMSIS/Core/Include
  C:/Users/zjjhg/AppData/Local/Arm/Packs/ArteryTek/AT32F435_437_DFP/2.1.4/Device/Firmware/Peripherals/inc
  C:/Users/zjjhg/AppData/Local/Arm/Packs/ArteryTek/AT32F435_437_DFP/2.1.4/Device/Include
  C:/Users/zjjhg/AppData/Local/Arm/Packs/LVGL/lvgl/8.3.6
  C:/Users/zjjhg/AppData/Local/Arm/Packs/LVGL/lvgl/8.3.6/demos/benchmark

<h2>Collection of Component Files used:</h2>

   * Component: ARM.FreeRTOS::RTOS:Config:FreeRTOS:10.5.1
      Include file:  Config/ARMCM/FreeRTOSConfig.h

   * Component: ARM.FreeRTOS::RTOS:Core:Cortex-M:10.5.1
      Include file:  Source/include/semphr.h
      Include file:  Source/include/task.h
      Source file:   Source/tasks.c
      Source file:   Source/list.c
      Source file:   Source/queue.c
      Include file:  Source/include/queue.h
      Include file:  Source/include/FreeRTOS.h
      Source file:   Source/portable/GCC/ARM_CM4F/port.c
      Source file:   CMSIS/RTOS2/FreeRTOS/Source/freertos_evr.c

   * Component: ARM.FreeRTOS::RTOS:Coroutines:10.5.1
      Include file:  Source/include/croutine.h
      Source file:   Source/croutine.c

   * Component: ARM.FreeRTOS::RTOS:Event Groups:10.5.1
      Include file:  Source/include/event_groups.h
      Source file:   Source/event_groups.c

   * Component: ARM.FreeRTOS::RTOS:Heap:Heap_4:10.5.1
      Source file:   Source/portable/MemMang/heap_4.c

   * Component: ARM.FreeRTOS::RTOS:Message Buffer:10.5.1
      Source file:   Source/stream_buffer.c
      Include file:  Source/include/message_buffer.h

   * Component: ARM.FreeRTOS::RTOS:Stream Buffer:10.5.1
      Source file:   Source/stream_buffer.c
      Include file:  Source/include/stream_buffer.h

   * Component: ARM.FreeRTOS::RTOS:Timers:10.5.1
      Source file:   Source/timers.c
      Include file:  Source/include/timers.h

   * Component: ARM::CMSIS:CORE:5.6.0

   * Component: ArteryTek::Device:Startup:2.0.0
      Source file:   Device/Source/ARM/startup_at32f435_437.s
      Include file:  Device/Include/at32f435_437.h
      Source file:   Device/Source/system_at32f435_437.c

   * Component: ArteryTek::Device:at32f435_437_conf:2.0.0
      Include file:  Device/Include/at32f435_437_conf.h

   * Component: ArteryTek::Device:at32f435_437_firmware_library:acc:2.0.0
      Source file:   Device/Firmware/Peripherals/src/at32f435_437_acc.c
      Include file:  Device/Firmware/Peripherals/inc/at32f435_437_acc.h

   * Component: ArteryTek::Device:at32f435_437_firmware_library:adc:2.0.0
      Include file:  Device/Firmware/Peripherals/inc/at32f435_437_adc.h
      Source file:   Device/Firmware/Peripherals/src/at32f435_437_adc.c

   * Component: ArteryTek::Device:at32f435_437_firmware_library:can:2.0.0
      Source file:   Device/Firmware/Peripherals/src/at32f435_437_can.c
      Include file:  Device/Firmware/Peripherals/inc/at32f435_437_can.h

   * Component: ArteryTek::Device:at32f435_437_firmware_library:crc:2.0.0
      Include file:  Device/Firmware/Peripherals/inc/at32f435_437_crc.h
      Source file:   Device/Firmware/Peripherals/src/at32f435_437_crc.c

   * Component: ArteryTek::Device:at32f435_437_firmware_library:crm:2.0.0
      Include file:  Device/Firmware/Peripherals/inc/at32f435_437_crm.h
      Source file:   Device/Firmware/Peripherals/src/at32f435_437_crm.c

   * Component: ArteryTek::Device:at32f435_437_firmware_library:dac:2.0.0
      Include file:  Device/Firmware/Peripherals/inc/at32f435_437_dac.h
      Source file:   Device/Firmware/Peripherals/src/at32f435_437_dac.c

   * Component: ArteryTek::Device:at32f435_437_firmware_library:debug:2.0.0
      Source file:   Device/Firmware/Peripherals/src/at32f435_437_debug.c
      Include file:  Device/Firmware/Peripherals/inc/at32f435_437_debug.h

   * Component: ArteryTek::Device:at32f435_437_firmware_library:dma:2.0.0
      Include file:  Device/Firmware/Peripherals/inc/at32f435_437_dma.h
      Source file:   Device/Firmware/Peripherals/src/at32f435_437_dma.c

   * Component: ArteryTek::Device:at32f435_437_firmware_library:dvp:2.0.0
      Source file:   Device/Firmware/Peripherals/src/at32f435_437_dvp.c
      Include file:  Device/Firmware/Peripherals/inc/at32f435_437_dvp.h

   * Component: ArteryTek::Device:at32f435_437_firmware_library:edma:2.0.0
      Include file:  Device/Firmware/Peripherals/inc/at32f435_437_edma.h
      Source file:   Device/Firmware/Peripherals/src/at32f435_437_edma.c

   * Component: ArteryTek::Device:at32f435_437_firmware_library:emac:2.0.0
      Source file:   Device/Firmware/Peripherals/src/at32f435_437_emac.c
      Include file:  Device/Firmware/Peripherals/inc/at32f435_437_emac.h

   * Component: ArteryTek::Device:at32f435_437_firmware_library:ertc:2.0.0
      Include file:  Device/Firmware/Peripherals/inc/at32f435_437_ertc.h
      Source file:   Device/Firmware/Peripherals/src/at32f435_437_ertc.c

   * Component: ArteryTek::Device:at32f435_437_firmware_library:exint:2.0.0
      Source file:   Device/Firmware/Peripherals/src/at32f435_437_exint.c
      Include file:  Device/Firmware/Peripherals/inc/at32f435_437_exint.h

   * Component: ArteryTek::Device:at32f435_437_firmware_library:flash:2.0.0
      Source file:   Device/Firmware/Peripherals/src/at32f435_437_flash.c
      Include file:  Device/Firmware/Peripherals/inc/at32f435_437_flash.h

   * Component: ArteryTek::Device:at32f435_437_firmware_library:gpio:2.0.0
      Source file:   Device/Firmware/Peripherals/src/at32f435_437_gpio.c
      Include file:  Device/Firmware/Peripherals/inc/at32f435_437_gpio.h

   * Component: ArteryTek::Device:at32f435_437_firmware_library:i2c:2.0.0
      Include file:  Device/Firmware/Peripherals/inc/at32f435_437_i2c.h
      Source file:   Device/Firmware/Peripherals/src/at32f435_437_i2c.c

   * Component: ArteryTek::Device:at32f435_437_firmware_library:misc:2.0.0
      Source file:   Device/Firmware/Peripherals/src/at32f435_437_misc.c
      Include file:  Device/Firmware/Peripherals/inc/at32f435_437_misc.h

   * Component: ArteryTek::Device:at32f435_437_firmware_library:pwc:2.0.0
      Include file:  Device/Firmware/Peripherals/inc/at32f435_437_pwc.h
      Source file:   Device/Firmware/Peripherals/src/at32f435_437_pwc.c

   * Component: ArteryTek::Device:at32f435_437_firmware_library:qspi:2.0.0
      Include file:  Device/Firmware/Peripherals/inc/at32f435_437_qspi.h
      Source file:   Device/Firmware/Peripherals/src/at32f435_437_qspi.c

   * Component: ArteryTek::Device:at32f435_437_firmware_library:scfg:2.0.0
      Include file:  Device/Firmware/Peripherals/inc/at32f435_437_scfg.h
      Source file:   Device/Firmware/Peripherals/src/at32f435_437_scfg.c

   * Component: ArteryTek::Device:at32f435_437_firmware_library:sdio:2.0.0
      Source file:   Device/Firmware/Peripherals/src/at32f435_437_sdio.c
      Include file:  Device/Firmware/Peripherals/inc/at32f435_437_sdio.h

   * Component: ArteryTek::Device:at32f435_437_firmware_library:spi:2.0.0
      Source file:   Device/Firmware/Peripherals/src/at32f435_437_spi.c
      Include file:  Device/Firmware/Peripherals/inc/at32f435_437_spi.h

   * Component: ArteryTek::Device:at32f435_437_firmware_library:tmr:2.0.0
      Source file:   Device/Firmware/Peripherals/src/at32f435_437_tmr.c
      Include file:  Device/Firmware/Peripherals/inc/at32f435_437_tmr.h

   * Component: ArteryTek::Device:at32f435_437_firmware_library:usart:2.0.0
      Include file:  Device/Firmware/Peripherals/inc/at32f435_437_usart.h
      Source file:   Device/Firmware/Peripherals/src/at32f435_437_usart.c

   * Component: ArteryTek::Device:at32f435_437_firmware_library:usb:2.0.0
      Include file:  Device/Firmware/Peripherals/inc/at32f435_437_usb.h
      Source file:   Device/Firmware/Peripherals/src/at32f435_437_usb.c

   * Component: ArteryTek::Device:at32f435_437_firmware_library:wdt:2.0.0
      Source file:   Device/Firmware/Peripherals/src/at32f435_437_wdt.c
      Include file:  Device/Firmware/Peripherals/inc/at32f435_437_wdt.h

   * Component: ArteryTek::Device:at32f435_437_firmware_library:wwdt:2.0.0
      Source file:   Device/Firmware/Peripherals/src/at32f435_437_wwdt.c
      Include file:  Device/Firmware/Peripherals/inc/at32f435_437_wwdt.h

   * Component: ArteryTek::Device:at32f435_437_firmware_library:xmc:2.0.0
      Source file:   Device/Firmware/Peripherals/src/at32f435_437_xmc.c
      Include file:  Device/Firmware/Peripherals/inc/at32f435_437_xmc.h

   * Component: LVGL.LVGL::LVGL:lvgl:Benchmark:8.3.6
      Source file:   demos/benchmark/assets/lv_font_bechmark_montserrat_16_compr_az.c.c
      Source file:   demos/benchmark/assets/img_benchmark_cogwheel_rgb.c
      Source file:   demos/benchmark/lv_demo_benchmark.c
      Source file:   demos/benchmark/assets/img_benchmark_cogwheel_alpha16.c
      Source file:   demos/benchmark/assets/img_benchmark_cogwheel_argb.c
      Source file:   demos/benchmark/assets/img_benchmark_cogwheel_chroma_keyed.c
      Source file:   demos/benchmark/assets/img_benchmark_cogwheel_rgb565a8.c
      Source file:   demos/benchmark/assets/lv_font_bechmark_montserrat_12_compr_az.c.c
      Source file:   demos/benchmark/assets/lv_font_bechmark_montserrat_28_compr_az.c.c
      Source file:   demos/benchmark/assets/img_benchmark_cogwheel_indexed16.c
      Include file:  demos/benchmark/lv_demo_benchmark.h

   * Component: LVGL.LVGL::LVGL:lvgl:Essential:8.3.6
      Source file:   src/core/lv_group.c
      Source file:   src/core/lv_indev_scroll.c
      Source file:   src/core/lv_disp.c
      Source file:   src/core/lv_event.c
      Source file:   src/core/lv_indev.c
      Source file:   src/core/lv_obj.c
      Source file:   src/draw/sw/lv_draw_sw_gradient.c
      Source file:   src/core/lv_obj_draw.c
      Source file:   src/draw/lv_draw_img.c
      Source file:   src/core/lv_obj_style.c
      Source file:   src/core/lv_obj_style_gen.c
      Source file:   src/draw/lv_draw_mask.c
      Source file:   src/draw/lv_draw_triangle.c
      Source file:   src/core/lv_obj_scroll.c
      Source file:   src/draw/lv_img_buf.c
      Source file:   src/draw/sw/lv_draw_sw_blend.c
      Source file:   src/draw/lv_draw_line.c
      Source file:   src/draw/lv_draw_transform.c
      Source file:   src/core/lv_obj_tree.c
      Source file:   src/draw/sw/lv_draw_sw_dither.c
      Source file:   src/draw/lv_img_decoder.c
      Source file:   src/draw/sw/lv_draw_sw_img.c
      Source file:   src/draw/sw/lv_draw_sw_layer.c
      Source file:   src/draw/lv_draw_layer.c
      Source file:   src/draw/lv_draw.c
      Source file:   src/core/lv_obj_class.c
      Source file:   src/draw/sw/lv_draw_sw_letter.c
      Source file:   src/core/lv_obj_pos.c
      Source file:   src/draw/sw/lv_draw_sw_line.c
      Source file:   src/draw/sw/lv_draw_sw_polygon.c
      Source file:   src/draw/lv_draw_rect.c
      Source file:   src/core/lv_refr.c
      Source file:   src/draw/sw/lv_draw_sw.c
      Source file:   src/draw/lv_img_cache.c
      Source file:   src/core/lv_theme.c
      Source file:   src/draw/sw/lv_draw_sw_arc.c
      Source file:   src/draw/lv_draw_arc.c
      Source file:   src/draw/lv_draw_label.c
      Source file:   src/font/lv_font_simsun_16_cjk.c
      Source file:   src/font/lv_font_montserrat_16.c
      Source file:   src/font/lv_font_montserrat_28_compressed.c
      Source file:   src/font/lv_font_unscii_8.c
      Source file:   src/draw/sw/lv_draw_sw_rect.c
      Source file:   src/font/lv_font_montserrat_38.c
      Source file:   src/font/lv_font_unscii_16.c
      Source file:   src/font/lv_font.c
      Source file:   src/font/lv_font_fmt_txt.c
      Source file:   src/font/lv_font_loader.c
      Source file:   src/font/lv_font_montserrat_10.c
      Source file:   src/font/lv_font_montserrat_8.c
      Source file:   src/font/lv_font_montserrat_14.c
      Source file:   src/font/lv_font_montserrat_34.c
      Source file:   src/font/lv_font_montserrat_36.c
      Source file:   src/font/lv_font_montserrat_32.c
      Source file:   src/font/lv_font_montserrat_42.c
      Source file:   src/draw/sw/lv_draw_sw_transform.c
      Source file:   src/font/lv_font_montserrat_18.c
      Source file:   src/font/lv_font_montserrat_48.c
      Source file:   src/font/lv_font_montserrat_12.c
      Source file:   src/font/lv_font_montserrat_12_subpx.c
      Source file:   src/font/lv_font_montserrat_20.c
      Source file:   src/font/lv_font_montserrat_24.c
      Source file:   src/font/lv_font_dejavu_16_persian_hebrew.c
      Source file:   src/font/lv_font_montserrat_22.c
      Source file:   src/font/lv_font_montserrat_26.c
      Source file:   src/font/lv_font_montserrat_30.c
      Source file:   src/font/lv_font_montserrat_40.c
      Source file:   src/font/lv_font_montserrat_44.c
      Source file:   src/font/lv_font_montserrat_46.c
      Source file:   src/font/lv_font_montserrat_28.c
      Source file:   src/misc/lv_style_gen.c
      Source file:   src/misc/lv_anim_timeline.c
      Source file:   src/misc/lv_bidi.c
      Source file:   src/misc/lv_math.c
      Source file:   src/hal/lv_hal_tick.c
      Source file:   src/misc/lv_style.c
      Source file:   src/widgets/lv_dropdown.c
      Source file:   src/misc/lv_txt_ap.c
      Source file:   src/misc/lv_lru.c
      Source file:   src/misc/lv_utils.c
      Source file:   src/hal/lv_hal_indev.c
      Source file:   src/misc/lv_area.c
      Source file:   src/misc/lv_mem.c
      Source file:   src/widgets/lv_arc.c
      Source file:   src/misc/lv_fs.c
      Source file:   src/misc/lv_txt.c
      Source file:   src/widgets/lv_bar.c
      Source file:   src/misc/lv_log.c
      Source file:   src/widgets/lv_canvas.c
      Source file:   src/hal/lv_hal_disp.c
      Source file:   src/misc/lv_tlsf.c
      Source file:   src/misc/lv_printf.c
      Source file:   src/widgets/lv_btnmatrix.c
      Source file:   src/misc/lv_anim.c
      Source file:   src/misc/lv_gc.c
      Source file:   src/misc/lv_timer.c
      Source file:   src/misc/lv_templ.c
      Source file:   src/misc/lv_color.c
      Source file:   src/widgets/lv_btn.c
      Source file:   src/misc/lv_ll.c
      Source file:   src/widgets/lv_checkbox.c
      Source file:   src/misc/lv_async.c
      Source file:   examples/porting/lv_port_disp_template.c
      Include file:  examples/porting/lv_port_indev_template.h
      Source file:   src/widgets/lv_objx_templ.c
      Source file:   src/widgets/lv_slider.c
      Include file:  examples/porting/lv_port_fs_template.h
      Source file:   lv_cmsis_pack.c
      Source file:   src/widgets/lv_switch.c
      Include file:  lvgl.h
      Include file:  examples/porting/lv_port_disp_template.h
      Source file:   examples/porting/lv_port_fs_template.c
      Source file:   src/widgets/lv_roller.c
      Source file:   examples/porting/lv_port_indev_template.c
      Source file:   src/widgets/lv_label.c
      Source file:   src/widgets/lv_line.c
      Source file:   src/widgets/lv_table.c
      Source file:   src/widgets/lv_textarea.c
      Source file:   src/widgets/lv_img.c

   * Component: LVGL.LVGL::LVGL:lvgl:Extra Themes:8.3.6
      Source file:   src/extra/widgets/calendar/lv_calendar_header_arrow.c
      Source file:   src/extra/widgets/calendar/lv_calendar.c
      Source file:   src/extra/widgets/calendar/lv_calendar_header_dropdown.c
      Source file:   src/extra/widgets/chart/lv_chart.c
      Source file:   src/extra/widgets/colorwheel/lv_colorwheel.c
      Source file:   src/extra/lv_extra.c
      Source file:   src/extra/themes/default/lv_theme_default.c
      Source file:   src/extra/themes/mono/lv_theme_mono.c
      Source file:   src/extra/themes/basic/lv_theme_basic.c
      Source file:   src/extra/widgets/animimg/lv_animimg.c
      Source file:   src/extra/widgets/imgbtn/lv_imgbtn.c
      Source file:   src/extra/widgets/keyboard/lv_keyboard.c
      Source file:   src/extra/layouts/grid/lv_grid.c
      Source file:   src/extra/widgets/win/lv_win.c
      Source file:   src/extra/widgets/spinner/lv_spinner.c
      Source file:   src/extra/widgets/spinbox/lv_spinbox.c
      Source file:   src/extra/widgets/list/lv_list.c
      Source file:   src/extra/widgets/led/lv_led.c
      Source file:   src/extra/widgets/tabview/lv_tabview.c
      Source file:   src/extra/widgets/msgbox/lv_msgbox.c
      Source file:   src/extra/widgets/meter/lv_meter.c
      Source file:   src/extra/widgets/tileview/lv_tileview.c
      Source file:   src/extra/layouts/flex/lv_flex.c
      Source file:   src/extra/widgets/menu/lv_menu.c
      Source file:   src/extra/widgets/span/lv_span.c

   * Component: LVGL.LVGL::LVGL:lvgl:Porting:8.3.6
      Include file:  examples/porting/lv_port_disp_template.h
      Source file:   examples/porting/lv_port_disp_template.c
      Include file:  examples/porting/lv_port_indev_template.h
      Source file:   examples/porting/lv_port_indev_template.c
      Include file:  examples/porting/lv_port_fs_template.h
      Source file:   examples/porting/lv_port_fs_template.c
Build Time Elapsed:  00:00:13
</pre>
</body>
</html>
